 * Serving Flask app 'app'
 * Debug mode: on
WARNING: This is a development server. Do not use it in a production deployment. Use a production WSGI server instead.
 * Running on all addresses (0.0.0.0)
 * Running on http://127.0.0.1:5057
 * Running on http://192.168.1.103:5057
Press CTRL+C to quit
 * Restarting with stat
 * Debugger is active!
 * Debugger PIN: 293-795-538
127.0.0.1 - - [09/Sep/2026 19:05:34] "GET / HTTP/1.1" 200 -
127.0.0.1 - - [09/Sep/2026 19:05:34] "GET /leaderboard HTTP/1.1" 200 -
127.0.0.1 - - [09/Sep/2026 19:05:34] "GET /directory HTTP/1.1" 200 -
127.0.0.1 - - [09/Sep/2026 19:05:34] "GET /directory?q=delhi HTTP/1.1" 200 -
127.0.0.1 - - [09/Sep/2026 19:05:34] "GET /directory?region=Maharashtra&page=2 HTTP/1.1" 200 -
127.0.0.1 - - [09/Sep/2026 19:05:34] "GET /compare HTTP/1.1" 200 -
127.0.0.1 - - [09/Sep/2026 19:05:34] "GET /college/1 HTTP/1.1" 200 -
127.0.0.1 - - [09/Sep/2026 19:05:34] "GET /college/23 HTTP/1.1" 200 -
127.0.0.1 - - [09/Sep/2026 19:05:34] "GET /about HTTP/1.1" 200 -
127.0.0.1 - - [09/Sep/2026 19:05:34] "GET /api/leaderboard HTTP/1.1" 200 -
127.0.0.1 - - [09/Sep/2026 19:06:20] "GET /api/leaderboard HTTP/1.1" 200 -
127.0.0.1 - - [09/Sep/2026 19:06:20] "GET /college/23 HTTP/1.1" 200 -
127.0.0.1 - - [09/Sep/2026 19:06:20] "GET /college/1 HTTP/1.1" 200 -
127.0.0.1 - - [09/Sep/2026 19:06:20] "GET / HTTP/1.1" 200 -
127.0.0.1 - - [09/Sep/2026 19:06:20] "GET /directory HTTP/1.1" 200 -
127.0.0.1 - - [09/Sep/2026 19:06:20] "POST /api/compare HTTP/1.1" 400 -
127.0.0.1 - - [09/Sep/2026 19:06:50] "POST /api/compare HTTP/1.1" 500 -
Traceback (most recent call last):
  File "C:\Users\SROHZ\Downloads\College Elo\Lovable\CollegeRankELO\.venv\Lib\site-packages\flask\app.py", line 1498, in __call__
    return self.wsgi_app(environ, start_response)
           ~~~~~~~~~~~~~^^^^^^^^^^^^^^^^^^^^^^^^^
  File "C:\Users\SROHZ\Downloads\College Elo\Lovable\CollegeRankELO\.venv\Lib\site-packages\flask\app.py", line 1476, in wsgi_app
    response = self.handle_exception(e)
  File "C:\Users\SROHZ\Downloads\College Elo\Lovable\CollegeRankELO\.venv\Lib\site-packages\flask\app.py", line 1473, in wsgi_app
    response = self.full_dispatch_request()
  File "C:\Users\SROHZ\Downloads\College Elo\Lovable\CollegeRankELO\.venv\Lib\site-packages\flask\app.py", line 882, in full_dispatch_request
    rv = self.handle_user_exception(e)
  File "C:\Users\SROHZ\Downloads\College Elo\Lovable\CollegeRankELO\.venv\Lib\site-packages\flask\app.py", line 880, in full_dispatch_request
    rv = self.dispatch_request()
  File "C:\Users\SROHZ\Downloads\College Elo\Lovable\CollegeRankELO\.venv\Lib\site-packages\flask\app.py", line 865, in dispatch_request
    return self.ensure_sync(self.view_functions[rule.endpoint])(**view_args)  # type: ignore[no-any-return]
           ~~~~~~~~~~~~~~~~~~~~~~~~~~~~~~~~~~~~~~~~~~~~~~~~~~~~^^^^^^^^^^^^^
  File "C:\Users\SROHZ\Downloads\College Elo\Lovable\CollegeRankELO\app.py", line 330, in api_compare
    a = college_or_404(s, int(payload["a"]))
  File "C:\Users\SROHZ\Downloads\College Elo\Lovable\CollegeRankELO\app.py", line 60, in college_or_404
    c = s.get(College, cid)
  File "C:\Users\SROHZ\Downloads\College Elo\Lovable\CollegeRankELO\.venv\Lib\site-packages\sqlalchemy\orm\session.py", line 3693, in get
    return self._get_impl(
    
  File "C:\Users\SROHZ\Downloads\College Elo\Lovable\CollegeRankELO\.venv\Lib\site-packages\sqlalchemy\orm\session.py", line 3873, in _get_impl
    return db_load_fn(
    
  File "C:\Users\SROHZ\Downloads\College Elo\Lovable\CollegeRankELO\.venv\Lib\site-packages\sqlalchemy\orm\loading.py", line 694, in load_on_pk_identity
    session.execute(
    ^
  File "C:\Users\SROHZ\Downloads\College Elo\Lovable\CollegeRankELO\.venv\Lib\site-packages\sqlalchemy\orm\session.py", line 2362, in execute
    return self._execute_internal(
    
  File "C:\Users\SROHZ\Downloads\College Elo\Lovable\CollegeRankELO\.venv\Lib\site-packages\sqlalchemy\orm\session.py", line 2237, in _execute_internal
    conn = self._connection_for_bind(bind)
  File "C:\Users\SROHZ\Downloads\College Elo\Lovable\CollegeRankELO\.venv\Lib\site-packages\sqlalchemy\orm\session.py", line 2106, in _connection_for_bind
    return trans._connection_for_bind(engine, execution_options)
           ~~~~~~~~~~~~~~~~~~~~~~~~~~^^^^^^^^^^^^^^^^^^^^^^^^^^^
  File "<string>", line 2, in _connection_for_bind
  File "C:\Users\SROHZ\Downloads\College Elo\Lovable\CollegeRankELO\.venv\Lib\site-packages\sqlalchemy\orm\state_changes.py", line 139, in _go
    ret_value = fn(self, *arg, **kw)
  File "C:\Users\SROHZ\Downloads\College Elo\Lovable\CollegeRankELO\.venv\Lib\site-packages\sqlalchemy\orm\session.py", line 1189, in _connection_for_bind
    conn = bind.connect()
  File "C:\Users\SROHZ\Downloads\College Elo\Lovable\CollegeRankELO\.venv\Lib\site-packages\sqlalchemy\engine\base.py", line 3278, in connect
    return self._connection_cls(self)
           ~~~~~~~~~~~~~~~~~~~~^^^^^^
  File "C:\Users\SROHZ\Downloads\College Elo\Lovable\CollegeRankELO\.venv\Lib\site-packages\sqlalchemy\engine\base.py", line 146, in __init__
    self._dbapi_connection = engine.raw_connection()
                             ~~~~~~~~~~~~~~~~~~~~~^^
  File "C:\Users\SROHZ\Downloads\College Elo\Lovable\CollegeRankELO\.venv\Lib\site-packages\sqlalchemy\engine\base.py", line 3302, in raw_connection
    return self.pool.connect()
           ~~~~~~~~~~~~~~~~~^^
  File "C:\Users\SROHZ\Downloads\College Elo\Lovable\CollegeRankELO\.venv\Lib\site-packages\sqlalchemy\pool\base.py", line 449, in connect
    return _ConnectionFairy._checkout(self)
           ~~~~~~~~~~~~~~~~~~~~~~~~~~^^^^^^
  File "C:\Users\SROHZ\Downloads\College Elo\Lovable\CollegeRankELO\.venv\Lib\site-packages\sqlalchemy\pool\base.py", line 1263, in _checkout
    fairy = _ConnectionRecord.checkout(pool)
  File "C:\Users\SROHZ\Downloads\College Elo\Lovable\CollegeRankELO\.venv\Lib\site-packages\sqlalchemy\pool\base.py", line 712, in checkout
    rec = pool._do_get()
  File "C:\Users\SROHZ\Downloads\College Elo\Lovable\CollegeRankELO\.venv\Lib\site-packages\sqlalchemy\pool\impl.py", line 168, in _do_get
    raise exc.TimeoutError(
    ^
sqlalchemy.exc.TimeoutError: QueuePool limit of size 5 overflow 10 reached, connection timed out, timeout 30.00 (Background on this error at: https://sqlalche.me/e/20/3o7r)
127.0.0.1 - - [09/Sep/2026 19:07:20] "POST /api/compare HTTP/1.1" 500 -
Traceback (most recent call last):
  File "C:\Users\SROHZ\Downloads\College Elo\Lovable\CollegeRankELO\.venv\Lib\site-packages\flask\app.py", line 1498, in __call__
    return self.wsgi_app(environ, start_response)
           ~~~~~~~~~~~~~^^^^^^^^^^^^^^^^^^^^^^^^^
  File "C:\Users\SROHZ\Downloads\College Elo\Lovable\CollegeRankELO\.venv\Lib\site-packages\flask\app.py", line 1476, in wsgi_app
    response = self.handle_exception(e)
  File "C:\Users\SROHZ\Downloads\College Elo\Lovable\CollegeRankELO\.venv\Lib\site-packages\flask\app.py", line 1473, in wsgi_app
    response = self.full_dispatch_request()
  File "C:\Users\SROHZ\Downloads\College Elo\Lovable\CollegeRankELO\.venv\Lib\site-packages\flask\app.py", line 882, in full_dispatch_request
    rv = self.handle_user_exception(e)
  File "C:\Users\SROHZ\Downloads\College Elo\Lovable\CollegeRankELO\.venv\Lib\site-packages\flask\app.py", line 880, in full_dispatch_request
    rv = self.dispatch_request()
  File "C:\Users\SROHZ\Downloads\College Elo\Lovable\CollegeRankELO\.venv\Lib\site-packages\flask\app.py", line 865, in dispatch_request
    return self.ensure_sync(self.view_functions[rule.endpoint])(**view_args)  # type: ignore[no-any-return]
           ~~~~~~~~~~~~~~~~~~~~~~~~~~~~~~~~~~~~~~~~~~~~~~~~~~~~^^^^^^^^^^^^^
  File "C:\Users\SROHZ\Downloads\College Elo\Lovable\CollegeRankELO\app.py", line 330, in api_compare
    a = college_or_404(s, int(payload["a"]))
  File "C:\Users\SROHZ\Downloads\College Elo\Lovable\CollegeRankELO\app.py", line 60, in college_or_404
    c = s.get(College, cid)
  File "C:\Users\SROHZ\Downloads\College Elo\Lovable\CollegeRankELO\.venv\Lib\site-packages\sqlalchemy\orm\session.py", line 3693, in get
    return self._get_impl(
    
  File "C:\Users\SROHZ\Downloads\College Elo\Lovable\CollegeRankELO\.venv\Lib\site-packages\sqlalchemy\orm\session.py", line 3873, in _get_impl
    return db_load_fn(
    
  File "C:\Users\SROHZ\Downloads\College Elo\Lovable\CollegeRankELO\.venv\Lib\site-packages\sqlalchemy\orm\loading.py", line 694, in load_on_pk_identity
    session.execute(
    ^
  File "C:\Users\SROHZ\Downloads\College Elo\Lovable\CollegeRankELO\.venv\Lib\site-packages\sqlalchemy\orm\session.py", line 2362, in execute
    return self._execute_internal(
    
  File "C:\Users\SROHZ\Downloads\College Elo\Lovable\CollegeRankELO\.venv\Lib\site-packages\sqlalchemy\orm\session.py", line 2237, in _execute_internal
    conn = self._connection_for_bind(bind)
  File "C:\Users\SROHZ\Downloads\College Elo\Lovable\CollegeRankELO\.venv\Lib\site-packages\sqlalchemy\orm\session.py", line 2106, in _connection_for_bind
    return trans._connection_for_bind(engine, execution_options)
           ~~~~~~~~~~~~~~~~~~~~~~~~~~^^^^^^^^^^^^^^^^^^^^^^^^^^^
  File "<string>", line 2, in _connection_for_bind
  File "C:\Users\SROHZ\Downloads\College Elo\Lovable\CollegeRankELO\.venv\Lib\site-packages\sqlalchemy\orm\state_changes.py", line 139, in _go
    ret_value = fn(self, *arg, **kw)
  File "C:\Users\SROHZ\Downloads\College Elo\Lovable\CollegeRankELO\.venv\Lib\site-packages\sqlalchemy\orm\session.py", line 1189, in _connection_for_bind
    conn = bind.connect()
  File "C:\Users\SROHZ\Downloads\College Elo\Lovable\CollegeRankELO\.venv\Lib\site-packages\sqlalchemy\engine\base.py", line 3278, in connect
    return self._connection_cls(self)
           ~~~~~~~~~~~~~~~~~~~~^^^^^^
  File "C:\Users\SROHZ\Downloads\College Elo\Lovable\CollegeRankELO\.venv\Lib\site-packages\sqlalchemy\engine\base.py", line 146, in __init__
    self._dbapi_connection = engine.raw_connection()
                             ~~~~~~~~~~~~~~~~~~~~~^^
  File "C:\Users\SROHZ\Downloads\College Elo\Lovable\CollegeRankELO\.venv\Lib\site-packages\sqlalchemy\engine\base.py", line 3302, in raw_connection
    return self.pool.connect()
           ~~~~~~~~~~~~~~~~~^^
  File "C:\Users\SROHZ\Downloads\College Elo\Lovable\CollegeRankELO\.venv\Lib\site-packages\sqlalchemy\pool\base.py", line 449, in connect
    return _ConnectionFairy._checkout(self)
           ~~~~~~~~~~~~~~~~~~~~~~~~~~^^^^^^
  File "C:\Users\SROHZ\Downloads\College Elo\Lovable\CollegeRankELO\.venv\Lib\site-packages\sqlalchemy\pool\base.py", line 1263, in _checkout
    fairy = _ConnectionRecord.checkout(pool)
  File "C:\Users\SROHZ\Downloads\College Elo\Lovable\CollegeRankELO\.venv\Lib\site-packages\sqlalchemy\pool\base.py", line 712, in checkout
    rec = pool._do_get()
  File "C:\Users\SROHZ\Downloads\College Elo\Lovable\CollegeRankELO\.venv\Lib\site-packages\sqlalchemy\pool\impl.py", line 168, in _do_get
    raise exc.TimeoutError(
    ^
sqlalchemy.exc.TimeoutError: QueuePool limit of size 5 overflow 10 reached, connection timed out, timeout 30.00 (Background on this error at: https://sqlalche.me/e/20/3o7r)
 * Detected change in 'C:\\Users\\SROHZ\\Downloads\\College Elo\\Lovable\\CollegeRankELO\\app.py', reloading
 * Restarting with stat
 * Debugger is active!
 * Debugger PIN: 293-795-538
